// Jest Snapshot v1, https://goo.gl/fbAQLP

exports[`Dashboard button component matches snapshot 1`] = `
<a
  aria-disabled={false}
  className="MuiButtonBase-root MuiButton-root MuiButton-outlined MuiButton-outlinedPrimary MuiButton-outlinedSizeLarge MuiButton-sizeLarge MuiButton-fullWidth"
  data-testid="dashboardButton"
  href="/game"
  onBlur={[Function]}
  onClick={[Function]}
  onDragLeave={[Function]}
  onFocus={[Function]}
  onKeyDown={[Function]}
  onKeyUp={[Function]}
  onMouseDown={[Function]}
  onMouseLeave={[Function]}
  onMouseUp={[Function]}
  onTouchEnd={[Function]}
  onTouchMove={[Function]}
  onTouchStart={[Function]}
  role="button"
  tabIndex={0}
>
  <span
    className="MuiButton-label"
  >
    Game Start
  </span>
</a>
`;
